🔱 BOB VALIDATION TEST - JODHPUR RESTAURANTS
======================================================================
✅ Playwright extractor imported

📋 Testing 10 businesses from Jodhpur

🔧 Initializing Playwright...
✅ Ready

1/10: Gypsy Vegetarian Restaurant Jodhpur...

⚡ PLAYWRIGHT ULTIMATE EXTRACTOR
📍 URL: Gypsy Vegetarian Restaurant Jodhpur...
⚡ Resource blocking enabled - 3x faster loading!
🌐 Loading page...
❌ Extraction failed: Page.goto: net::ERR_NAME_NOT_RESOLVED at https://www.google.com/maps/search/Gypsy+Vegetarian+Restaurant+Jodhpur?hl=en
Call log:
  - navigating to "https://www.google.com/maps/search/Gypsy+Vegetarian+Restaurant+Jodhpur?hl=en", waiting until "networkidle"

  ❌ Failed: Page.goto: net::ERR_NAME_NOT_RESOLVED at https://www.google.
2/10: Jharokha Restaurant Jodhpur...

⚡ PLAYWRIGHT ULTIMATE EXTRACTOR
📍 URL: Jharokha Restaurant Jodhpur...
⚡ Resource blocking enabled - 3x faster loading!
🌐 Loading page...
❌ Extraction failed: Page.goto: net::ERR_NAME_NOT_RESOLVED at https://www.google.com/maps/search/Jharokha+Restaurant+Jodhpur?hl=en
Call log:
  - navigating to "https://www.google.com/maps/search/Jharokha+Restaurant+Jodhpur?hl=en", waiting until "networkidle"

  ❌ Failed: Page.goto: net::ERR_NAME_NOT_RESOLVED at https://www.google.
3/10: Indique Restaurant Jodhpur...

⚡ PLAYWRIGHT ULTIMATE EXTRACTOR
📍 URL: Indique Restaurant Jodhpur...
⚡ Resource blocking enabled - 3x faster loading!
🌐 Loading page...
❌ Extraction failed: Page.goto: net::ERR_NAME_NOT_RESOLVED at https://www.google.com/maps/search/Indique+Restaurant+Jodhpur?hl=en
Call log:
  - navigating to "https://www.google.com/maps/search/Indique+Restaurant+Jodhpur?hl=en", waiting until "networkidle"

  ❌ Failed: Page.goto: net::ERR_NAME_NOT_RESOLVED at https://www.google.
4/10: Pillars Restaurant Jodhpur...

⚡ PLAYWRIGHT ULTIMATE EXTRACTOR
📍 URL: Pillars Restaurant Jodhpur...
⚡ Resource blocking enabled - 3x faster loading!
🌐 Loading page...
❌ Extraction failed: Page.goto: net::ERR_NAME_NOT_RESOLVED at https://www.google.com/maps/search/Pillars+Restaurant+Jodhpur?hl=en
Call log:
  - navigating to "https://www.google.com/maps/search/Pillars+Restaurant+Jodhpur?hl=en", waiting until "networkidle"

  ❌ Failed: Page.goto: net::ERR_NAME_NOT_RESOLVED at https://www.google.
5/10: Janta Sweet House Jodhpur...

⚡ PLAYWRIGHT ULTIMATE EXTRACTOR
📍 URL: Janta Sweet House Jodhpur...
⚡ Resource blocking enabled - 3x faster loading!
🌐 Loading page...
❌ Extraction failed: Page.goto: net::ERR_NAME_NOT_RESOLVED at https://www.google.com/maps/search/Janta+Sweet+House+Jodhpur?hl=en
Call log:
  - navigating to "https://www.google.com/maps/search/Janta+Sweet+House+Jodhpur?hl=en", waiting until "networkidle"

  ❌ Failed: Page.goto: net::ERR_NAME_NOT_RESOLVED at https://www.google.
6/10: Omelette Shop Jodhpur...

⚡ PLAYWRIGHT ULTIMATE EXTRACTOR
📍 URL: Omelette Shop Jodhpur...
⚡ Resource blocking enabled - 3x faster loading!
🌐 Loading page...
❌ Extraction failed: Page.goto: net::ERR_NAME_NOT_RESOLVED at https://www.google.com/maps/search/Omelette+Shop+Jodhpur?hl=en
Call log:
  - navigating to "https://www.google.com/maps/search/Omelette+Shop+Jodhpur?hl=en", waiting until "networkidle"

  ❌ Failed: Page.goto: net::ERR_NAME_NOT_RESOLVED at https://www.google.
7/10: Cafe Mehran Jodhpur...

⚡ PLAYWRIGHT ULTIMATE EXTRACTOR
📍 URL: Cafe Mehran Jodhpur...
⚡ Resource blocking enabled - 3x faster loading!
🌐 Loading page...
❌ Extraction failed: Page.goto: net::ERR_NAME_NOT_RESOLVED at https://www.google.com/maps/search/Cafe+Mehran+Jodhpur?hl=en
Call log:
  - navigating to "https://www.google.com/maps/search/Cafe+Mehran+Jodhpur?hl=en", waiting until "networkidle"

  ❌ Failed: Page.goto: net::ERR_NAME_NOT_RESOLVED at https://www.google.
8/10: Hanwant Mahal Restaurant Jodhpur...

⚡ PLAYWRIGHT ULTIMATE EXTRACTOR
📍 URL: Hanwant Mahal Restaurant Jodhpur...
⚡ Resource blocking enabled - 3x faster loading!
🌐 Loading page...
❌ Extraction failed: Page.goto: net::ERR_NAME_NOT_RESOLVED at https://www.google.com/maps/search/Hanwant+Mahal+Restaurant+Jodhpur?hl=en
Call log:
  - navigating to "https://www.google.com/maps/search/Hanwant+Mahal+Restaurant+Jodhpur?hl=en", waiting until "networkidle"

  ❌ Failed: Page.goto: net::ERR_NAME_NOT_RESOLVED at https://www.google.
9/10: Darikhana Restaurant Jodhpur...

⚡ PLAYWRIGHT ULTIMATE EXTRACTOR
📍 URL: Darikhana Restaurant Jodhpur...
⚡ Resource blocking enabled - 3x faster loading!
🌐 Loading page...
❌ Extraction failed: Page.goto: net::ERR_NAME_NOT_RESOLVED at https://www.google.com/maps/search/Darikhana+Restaurant+Jodhpur?hl=en
Call log:
  - navigating to "https://www.google.com/maps/search/Darikhana+Restaurant+Jodhpur?hl=en", waiting until "networkidle"

  ❌ Failed: Page.goto: net::ERR_NAME_NOT_RESOLVED at https://www.google.
10/10: The Spice Court Jodhpur...

⚡ PLAYWRIGHT ULTIMATE EXTRACTOR
📍 URL: The Spice Court Jodhpur...
⚡ Resource blocking enabled - 3x faster loading!
🌐 Loading page...
❌ Extraction failed: Page.goto: net::ERR_NAME_NOT_RESOLVED at https://www.google.com/maps/search/The+Spice+Court+Jodhpur?hl=en
Call log:
  - navigating to "https://www.google.com/maps/search/The+Spice+Court+Jodhpur?hl=en", waiting until "networkidle"

  ❌ Failed: Page.goto: net::ERR_NAME_NOT_RESOLVED at https://www.google.

======================================================================
📊 RESULTS
======================================================================
✅ Successful: 0/10 (0%)
❌ Failed: 10/10

💾 Saved: jodhpur_test_results.json

======================================================================
❌ TEST FAILED (<60% success)
======================================================================
